{
 "configuration": [
  {
   "DC_number": 3, 
   "dependencies": [
    {
     "Auth": "SERVICE___U6CLB"
    }, 
    {
     "CommentsBalancer": "SERVICE___409BS"
    }
   ], 
   "id": "SERVICE___QQCNN", 
   "service": "CommentsServices", 
   "DC": "small_DC"
  }, 
  {
   "DC_number": 3, 
   "dependencies": [
    {
     "Auth": "SERVICE___U6CLB"
    }, 
    {
     "CommentsBalancer": "SERVICE___409BS"
    }
   ], 
   "id": "SERVICE___WP9PI", 
   "service": "CommentsServices", 
   "DC": "small_DC"
  }, 
  {
   "DC_number": 3, 
   "id": "SERVICE___U6CLB", 
   "service": "Auth", 
   "DC": "big_DC"
  }, 
  {
   "DC_number": 3, 
   "dependencies": [
    {
     "Auth": "SERVICE___U6CLB"
    }
   ], 
   "id": "SERVICE___5O4FD", 
   "service": "Post", 
   "DC": "big_DC"
  }, 
  {
   "DC_number": 3, 
   "dependencies": [
    {
     "Auth": "SERVICE___U6CLB"
    }
   ], 
   "id": "SERVICE___C0DAH", 
   "service": "Post", 
   "DC": "big_DC"
  }, 
  {
   "DC_number": 2, 
   "dependencies": [
    {
     "Auth": "SERVICE___U6CLB"
    }
   ], 
   "id": "SERVICE___QXWTL", 
   "service": "Gateway", 
   "DC": "big_DC"
  }, 
  {
   "DC_number": 1, 
   "id": "SERVICE___409BS", 
   "service": "CommentsBalancer", 
   "DC": "big_DC"
  }
 ]
}
