{
 "configuration": [
  {
   "DC_number": 7, 
   "dependencies": [
    {
     "Auth": "SERVICE___8CN9B"
    }
   ], 
   "id": "SERVICE___F2J5O", 
   "service": "Post", 
   "DC": "small_DC"
  }, 
  {
   "DC_number": 6, 
   "dependencies": [
    {
     "Auth": "SERVICE___5ZX2X"
    }
   ], 
   "id": "SERVICE___52IZA", 
   "service": "Post", 
   "DC": "small_DC"
  }, 
  {
   "DC_number": 5, 
   "id": "SERVICE___5ZX2X", 
   "service": "Auth", 
   "DC": "small_DC"
  }, 
  {
   "DC_number": 4, 
   "id": "SERVICE___8CN9B", 
   "service": "Auth", 
   "DC": "small_DC"
  }, 
  {
   "DC_number": 7, 
   "id": "SERVICE___OHV7S", 
   "service": "CommentsBalancer", 
   "DC": "big_DC"
  }, 
  {
   "DC_number": 6, 
   "dependencies": [
    {
     "Auth": "SERVICE___8CN9B"
    }, 
    {
     "CommentsBalancer": "SERVICE___OHV7S"
    }
   ], 
   "id": "SERVICE___YYTM9", 
   "service": "CommentsServices", 
   "DC": "big_DC"
  }, 
  {
   "DC_number": 5, 
   "dependencies": [
    {
     "Auth": "SERVICE___5ZX2X"
    }, 
    {
     "CommentsBalancer": "SERVICE___OHV7S"
    }
   ], 
   "id": "SERVICE___16NJ6", 
   "service": "CommentsServices", 
   "DC": "big_DC"
  }, 
  {
   "DC_number": 4, 
   "dependencies": [
    {
     "Auth": "SERVICE___8CN9B"
    }, 
    {
     "CommentsBalancer": "SERVICE___OHV7S"
    }
   ], 
   "id": "SERVICE___YCB5L", 
   "service": "CommentsServices", 
   "DC": "big_DC"
  }, 
  {
   "DC_number": 3, 
   "dependencies": [
    {
     "Auth": "SERVICE___5ZX2X"
    }, 
    {
     "CommentsBalancer": "SERVICE___OHV7S"
    }
   ], 
   "id": "SERVICE___JQR99", 
   "service": "CommentsServices", 
   "DC": "big_DC"
  }, 
  {
   "DC_number": 2, 
   "dependencies": [
    {
     "Auth": "SERVICE___8CN9B"
    }
   ], 
   "id": "SERVICE___QQR0U", 
   "service": "Gateway", 
   "DC": "big_DC"
  }
 ]
}
